Cargando catálogos maestros desde processed_data...
Encontrados 112 archivos PDF para procesar.

Verificando caché de archivos ya procesados...
  [CACHE] Cargado de caché: Virgen de Estrella 44264.pdf (332 guías).
  [CACHE] Cargado de caché: Virgen de Estrella 44293.pdf (473 guías).
  [CACHE] Cargado de caché: Virgen de Estrella 44321.pdf (307 guías).
  [CACHE] Cargado de caché: Virgen de Estrella 44352.pdf (48 guías).
  [CACHE] Cargado de caché: Virgen de Estrella 44338.pdf (46 guías).
  [CACHE] Cargado de caché: Virgen de Estrella 44375.pdf (382 guías).
  [CACHE] Cargado de caché: Virgen de Estrella 44409.pdf (404 guías).
  [CACHE] Cargado de caché: Virgen de Estrella 44441.pdf (435 guías).
  [CACHE] Cargado de caché: Virgen de Estrella 44470.pdf (360 guías).
  [CACHE] Cargado de caché: Virgen de Estrella 44484.pdf (57 guías).
  [CACHE] Cargado de caché: Virgen de Estrella 44519.pdf (395 guías).
  [CACHE] Cargado de caché: Virgen de Estrella 44549.pdf (440 guías).
  [CACHE] Cargado de caché: Virgen de Estrella 44582.pdf (417 guías).
  [CACHE] Cargado de caché: Virgen de Estrella 44610.pdf (416 guías).
  [CACHE] Cargado de caché: Virgen de Estrella 44648.pdf (130 guías).
  [CACHE] Cargado de caché: Virgen de Estrella 44669.pdf (394 guías).
  [CACHE] Cargado de caché: Virgen de Estrella 44698.pdf (422 guías).
  [CACHE] Cargado de caché: Virgen de Estrella 44726.pdf (265 guías).
  [CACHE] Cargado de caché: Virgen de Estrella 44751.pdf (4 guías).
  [CACHE] Cargado de caché: Virgen de Estrella 44780.pdf (456 guías).
  [CACHE] Cargado de caché: Virgen de Estrella 44813.pdf (226 guías).
  [CACHE] Cargado de caché: Virgen de Estrella 44844.pdf (1 guías).
  [CACHE] Cargado de caché: Virgen de Estrella 44857.pdf (131 guías).
  [CACHE] Cargado de caché: Virgen de Estrella 44900.pdf (393 guías).
  [CACHE] Cargado de caché: Virgen de Estrella 44932.pdf (476 guías).
  [CACHE] Cargado de caché: Virgen de Estrella 44959.pdf (412 guías).
  [CACHE] Cargado de caché: Virgen de Estrella 44988.pdf (432 guías).
  [CACHE] Cargado de caché: Virgen de Estrella 45027.pdf (443 guías).
  [CACHE] Cargado de caché: Virgen de Estrella 45060.pdf (455 guías).
  [CACHE] Cargado de caché: Virgen de Estrella 45093.pdf (389 guías).
  [CACHE] Cargado de caché: Virgen de Estrella 45126.pdf (330 guías).
  [CACHE] Cargado de caché: Virgen de Estrella 45145.pdf (56 guías).
  [CACHE] Cargado de caché: Virgen de Estrella 45184.pdf (381 guías).
  [CACHE] Cargado de caché: Virgen de Estrella 45003.pdf (2 guías).
  [CACHE] Cargado de caché: Virgen de Estrella 45211.pdf (32 guías).
  [CACHE] Cargado de caché: Virgen de Estrella 45237.pdf (317 guías).
  [CACHE] Cargado de caché: Virgen de Estrella 45269.pdf (491 guías).
  [CACHE] Cargado de caché: Virgen de Estrella 45298.pdf (419 guías).
  [CACHE] Cargado de caché: Virgen de Estrella 45325.pdf (118 guías).
  [CACHE] Cargado de caché: Virgen de Estrella 45363.pdf (1 guías).
  [CACHE] Cargado de caché: Virgen de Estrella 45375.pdf (4 guías).
  [CACHE] Cargado de caché: Virgen de Estrella 45404.pdf (491 guías).
  [CACHE] Cargado de caché: Virgen de Estrella 45419.pdf (9 guías).
  [CACHE] Cargado de caché: Virgen de Estrella 45003.pdf (2 guías).
  [CACHE] Cargado de caché: Virgen de Estrella 45446.pdf (442 guías).
  [CACHE] Cargado de caché: Virgen de Estrella 45472.pdf (453 guías).
  [CACHE] Cargado de caché: Virgen de Estrella 45513.pdf (446 guías).
  [CACHE] Cargado de caché: Virgen de Estrella 45577.pdf (431 guías).
  [CACHE] Cargado de caché: Virgen de Estrella 45639.pdf (72 guías).
  [CACHE] Cargado de caché: Virgen de Estrella 45659.pdf (25 guías).
  [CACHE] Cargado de caché: Virgen de Estrella 45690.pdf (338 guías).
  [CACHE] Cargado de caché: Virgen de Estrella 45747.pdf (129 guías).
  [CACHE] Cargado de caché: Virgen de Estrella 45766.pdf (1 guías).
  [CACHE] Cargado de caché: Virgen de Estrella 45789.pdf (237 guías).
  [CACHE] Cargado de caché: Virgen de Estrella 45798.pdf (1 guías).
  [CACHE] Cargado de caché: Virgen de Estrella 45820.pdf (341 guías).
  [CACHE] Cargado de caché: Virgen de Estrella 45835.pdf (2 guías).
  [CACHE] Cargado de caché: Virgen de Estrella 45988.pdf (3 guías).
  [CACHE] Cargado de caché: Virgen de Estrella 46014.pdf (377 guías).
  [CACHE] Cargado de caché: Virgen de Estrella 46138.pdf (8 guías).
  [CACHE] Cargado de caché: Virgen de Estrella 46164.pdf (258 guías).
  [CACHE] Cargado de caché: Virgen de Estrella 44021.pdf (24 guías).
  [CACHE] Cargado de caché: Virgen de Estrella 44153.pdf (83 guías).
  [CACHE] Cargado de caché: Virgen de Estrella 44180.pdf (1 guías).
  [CACHE] Cargado de caché: Virgen de Estrella 44202.pdf (118 guías).
  [CACHE] Cargado de caché: Virgen de Estrella 44211.pdf (155 guías).
  [CACHE] Cargado de caché: Virgen de Estrella 44242.pdf (212 guías).
  [CACHE] Cargado de caché: Virgen de Estrella 46261.pdf (115 guías).
  [CACHE] Cargado de caché: Virgen de Estrella 46281.pdf (8 guías).
  [CACHE] Cargado de caché: Virgen de Estrella 46302.pdf (4 guías).
  [CACHE] Cargado de caché: Virgen de Estrella 46385.pdf (7 guías).
  [CACHE] Cargado de caché: Virgen de Estrella 46440.pdf (288 guías).
  [CACHE] Cargado de caché: Virgen de Estrella 46466.pdf (233 guías).
  [CACHE] Cargado de caché: Virgen de Estrella 46514.pdf (26 guías).
  [CACHE] Cargado de caché: Virgen de Estrella 46538.pdf (259 guías).
  [CACHE] Cargado de caché: Virgen de Estrella 46563.pdf (205 guías).
  [CACHE] Cargado de caché: Virgen de Estrella 46592.pdf (204 guías).
  [CACHE] Cargado de caché: Virgen de Estrella 46664.pdf (19 guías).
  [CACHE] Cargado de caché: Virgen de Estrella 46643.pdf (244 guías).
  [CACHE] Cargado de caché: Virgen de Estrella 46736.pdf (121 guías).
  [CACHE] Cargado de caché: Virgen de Estrella 46751.pdf (120 guías).
  [CACHE] Cargado de caché: Virgen de Estrella 46767.pdf (64 guías).
  [CACHE] Cargado de caché: Virgen de Estrella 46810.pdf (39 guías).
  [CACHE] Cargado de caché: Virgen de Estrella 46832.pdf (237 guías).
  [CACHE] Cargado de caché: Virgen de Estrella 46885.pdf (195 guías).
  [CACHE] Cargado de caché: Virgen de Estrella 46896.pdf (29 guías).
  [CACHE] Cargado de caché: Virgen de Estrella 46946.pdf (12 guías).
  [CACHE] Cargado de caché: Virgen de Estrella 47024.pdf (106 guías).
  [CACHE] Cargado de caché: Virgen de Estrella 47043.pdf (44 guías).
Archivos ya procesados (en caché): 89
Archivos pendientes de procesar: 23

Iniciando extracción secuencial para 23 archivos...

Procesando archivo: Virgen de Estrella 45606.pdf
  [WARN] Placa no mapeada: 'BF1758' (limpia: 'BF1758') en guía 377/0002832
  [WARN] Placa no mapeada: 'C0B760' (limpia: 'C0B760') en guía 377/0002844
  [WARN] Placa no mapeada: 'CAT726' (limpia: 'CAT726') en guía 195/0176995
  [WARN] Placa no mapeada: 'BEX830' (limpia: 'BEX830') en guía 195/0177095
  [WARN] Placa no mapeada: 'CAT726' (limpia: 'CAT726') en guía 195/0176964
  [WARN] Placa no mapeada: 'CAT726' (limpia: 'CAT726') en guía 195/0177235
  [WARN] Placa no mapeada: 'C0B760' (limpia: 'C0B760') en guía 001/0008690
  [WARN] Placa no mapeada: 'CAT726' (limpia: 'CAT726') en guía 001/0008704
  [WARN] Placa no mapeada: 'CAT726' (limpia: 'CAT726') en guía 001/0008716
  [WARN] Placa no mapeada: 'D1C790' (limpia: 'D1C790') en guía 001/0008808
  [WARN] Placa no mapeada: 'D1C790' (limpia: 'D1C790') en guía 001/0008829
  [WARN] Placa no mapeada: 'CAT726' (limpia: 'CAT726') en guía 001/0008860
  [WARN] Placa no mapeada: 'CAT726' (limpia: 'CAT726') en guía 001/0008877
  [WARN] Placa no mapeada: 'CAT726' (limpia: 'CAT726') en guía 001/0008739
  [WARN] Placa no mapeada: 'CAT726' (limpia: 'CAT726') en guía 001/0008867
  [WARN] Placa no mapeada: 'CAT726' (limpia: 'CAT726') en guía 001/0008683
  [WARN] Placa no mapeada: 'D1C790' (limpia: 'D1C790') en guía 001/0008802
  [WARN] Placa no mapeada: 'D1C790' (limpia: 'D1C790') en guía 001/0008930
  [WARN] Placa no mapeada: 'C0B760' (limpia: 'C0B760') en guía 001/0008679
  [WARN] Placa no mapeada: 'CAT726' (limpia: 'CAT726') en guía 001/0008688
  [WARN] Placa no mapeada: 'CAT726' (limpia: 'CAT726') en guía 001/0008729
  [WARN] Placa no mapeada: 'CAT726' (limpia: 'CAT726') en guía 001/0008764
  [WARN] Placa no mapeada: 'CAT702' (limpia: 'CAT702') en guía 001/0008841
  [WARN] Placa no mapeada: 'D1C790' (limpia: 'D1C790') en guía 001/0008909
  [WARN] Placa no mapeada: 'D1C790' (limpia: 'D1C790') en guía 001/0008920
  [WARN] Placa no mapeada: 'CAT726' (limpia: 'CAT726') en guía 001/0008749
  [WARN] Placa no mapeada: 'D1C790' (limpia: 'D1C790') en guía 001/0008791
  [WARN] Placa no mapeada: 'CAT726' (limpia: 'CAT726') en guía 001/0008905
  [WARN] Placa no mapeada: 'CAT726' (limpia: 'CAT726') en guía 001/0008890
Extraídas 491 guías de Virgen de Estrella 45606.pdf
  [OK] Completado y Guardado en Caché: Virgen de Estrella 45606.pdf (491 guías). Total acumulado: 19421 registros.
  Esperando 25 segundos para liberar cuota de tokens...

Procesando archivo: Virgen de Estrella 45720.pdf
  [WARN] Placa no mapeada: 'D1C790' (limpia: 'D1C790') en guía 377/0002914
  [WARN] Placa no mapeada: 'D1C790' (limpia: 'D1C790') en guía 377/0002919
  [WARN] Placa no mapeada: 'D1C790' (limpia: 'D1C790') en guía 377/0002933
  [WARN] Placa no mapeada: 'D1C790' (limpia: 'D1C790') en guía 377/0002941
  [WARN] Placa no mapeada: 'D1C790' (limpia: 'D1C790') en guía 377/0002944
  [WARN] Placa no mapeada: 'D1C790' (limpia: 'D1C790') en guía 377/0002946
  [WARN] Placa no mapeada: 'D1C790' (limpia: 'D1C790') en guía 377/0002948
  [WARN] Placa no mapeada: 'CAT726' (limpia: 'CAT726') en guía 195/0177790
  [WARN] Placa no mapeada: 'C0B760' (limpia: 'C0B760') en guía 001/0009272
  [WARN] Placa no mapeada: 'C0B760' (limpia: 'C0B760') en guía 001/0009299
  [WARN] Placa no mapeada: 'C0B760' (limpia: 'C0B760') en guía 001/0009311
  [WARN] Placa no mapeada: 'D1C790' (limpia: 'D1C790') en guía 001/0009318
  [WARN] Placa no mapeada: 'C0B760' (limpia: 'C0B760') en guía 001/0009320
  [WARN] Placa no mapeada: 'C0B760' (limpia: 'C0B760') en guía 001/0009335
  [WARN] Placa no mapeada: 'C0B760' (limpia: 'C0B760') en guía 001/0009349
  [WARN] Placa no mapeada: 'C0B760' (limpia: 'C0B760') en guía 001/0009359
  [WARN] Placa no mapeada: 'D1C790' (limpia: 'D1C790') en guía 001/0009420
  [WARN] Placa no mapeada: 'D1C790' (limpia: 'D1C790') en guía 001/0009438
  [WARN] Placa no mapeada: 'C0B760' (limpia: 'C0B760') en guía 001/0009235
  [WARN] Placa no mapeada: 'C0B760' (limpia: 'C0B760') en guía 001/0009385
  [WARN] Placa no mapeada: 'D1C790' (limpia: 'D1C790') en guía 001/0009398
  [WARN] Placa no mapeada: 'C0B760' (limpia: 'C0B760') en guía 001/0009453
  [WARN] Placa no mapeada: 'D1C790' (limpia: 'D1C790') en guía 001/0009462
  [WARN] Placa no mapeada: 'D1C790' (limpia: 'D1C790') en guía 001/0009473
  [WARN] Placa no mapeada: 'D1C790' (limpia: 'D1C790') en guía 001/0009234
  [WARN] Placa no mapeada: 'D1C790' (limpia: 'D1C790') en guía 001/0009245
  [WARN] Placa no mapeada: 'C0B760' (limpia: 'C0B760') en guía 001/0009284
  [WARN] Placa no mapeada: 'C0B760' (limpia: 'C0B760') en guía 001/0009406
  [WARN] Placa no mapeada: 'C0B760' (limpia: 'C0B760') en guía 001/0009427
  [WARN] Placa no mapeada: 'C0B760' (limpia: 'C0B760') en guía 001/0009447
  [WARN] Placa no mapeada: 'D1C790' (limpia: 'D1C790') en guía 001/0009410
  [WARN] Placa no mapeada: 'C0B760' (limpia: 'C0B760') en guía 001/0009212
  [WARN] Placa no mapeada: 'C0B760' (limpia: 'C0B760') en guía 001/0009220
  [WARN] Placa no mapeada: 'D1C790' (limpia: 'D1C790') en guía 001/0009224
  [WARN] Placa no mapeada: 'D1C790' (limpia: 'D1C790') en guía 001/0009442
  [WARN] Placa no mapeada: 'C0B760' (limpia: 'C0B760') en guía 001/0009253
  [WARN] Placa no mapeada: 'C0B760' (limpia: 'C0B760') en guía 001/0009265
  [WARN] Placa no mapeada: 'D1C790' (limpia: 'D1C790') en guía 001/0009327
  [WARN] Placa no mapeada: 'C0B760' (limpia: 'C0B760') en guía 001/0009395
Extraídas 461 guías de Virgen de Estrella 45720.pdf
  [OK] Completado y Guardado en Caché: Virgen de Estrella 45720.pdf (461 guías). Total acumulado: 19882 registros.
  Esperando 25 segundos para liberar cuota de tokens...

Procesando archivo: Virgen de Estrella 45857.pdf
  [WARN] Placa no mapeada: 'C0B760' (limpia: 'C0B760') en guía 377/0003090
  [WARN] Placa no mapeada: 'BF1758' (limpia: 'BF1758') en guía 377/0003063
  [WARN] Placa no mapeada: 'C0B760' (limpia: 'C0B760') en guía 377/0003064
  [WARN] Placa no mapeada: 'C0B760' (limpia: 'C0B760') en guía 377/0003066
  [WARN] Placa no mapeada: 'A1H-872' (limpia: 'A1H872') en guía 195/0179356
  [WARN] Placa no mapeada: 'C0B760' (limpia: 'C0B760') en guía 001/0010241
  [WARN] Placa no mapeada: 'BF1758' (limpia: 'BF1758') en guía 001/0010244
  [WARN] Placa no mapeada: 'C0B760' (limpia: 'C0B760') en guía 001/0010277
  [WARN] Placa no mapeada: 'C0B760' (limpia: 'C0B760') en guía 001/0010297
  [WARN] Placa no mapeada: 'BEX830' (limpia: 'BEX830') en guía 001/0010319
  [WARN] Placa no mapeada: 'C0B760' (limpia: 'C0B760') en guía 001/0010044
  [WARN] Placa no mapeada: 'C0B760' (limpia: 'C0B760') en guía 001/0010064
  [WARN] Placa no mapeada: 'BF1758' (limpia: 'BF1758') en guía 001/0010094
  [WARN] Placa no mapeada: 'BF1758' (limpia: 'BF1758') en guía 001/0010143
  [WARN] Placa no mapeada: 'C0B760' (limpia: 'C0B760') en guía 001/0010144
  [WARN] Placa no mapeada: 'C0B760' (limpia: 'C0B760') en guía 001/0010171
  [WARN] Placa no mapeada: 'C0B760' (limpia: 'C0B760') en guía 001/0010219
  [WARN] Placa no mapeada: 'C0B760' (limpia: 'C0B760') en guía 001/0010343
  [WARN] Placa no mapeada: 'C0B760' (limpia: 'C0B760') en guía 001/0010356
  [WARN] Placa no mapeada: 'C0B760' (limpia: 'C0B760') en guía 001/0010254
  [WARN] Placa no mapeada: 'C0B760' (limpia: 'C0B760') en guía 001/0010376
  [WARN] Placa no mapeada: 'C0B760' (limpia: 'C0B760') en guía 001/0010065
  [WARN] Placa no mapeada: 'C0B760' (limpia: 'C0B760') en guía 001/0010227
  [WARN] Placa no mapeada: 'C0B760' (limpia: 'C0B760') en guía 001/0010331
Extraídas 495 guías de Virgen de Estrella 45857.pdf
  [OK] Completado y Guardado en Caché: Virgen de Estrella 45857.pdf (495 guías). Total acumulado: 20377 registros.
  Esperando 25 segundos para liberar cuota de tokens...

Procesando archivo: Virgen de Estrella 45883.pdf
  [WARN] Placa no mapeada: 'D1C790' (limpia: 'D1C790') en guía 377/0003104
  [WARN] Placa no mapeada: 'BF1758' (limpia: 'BF1758') en guía 377/0003111
  [WARN] Placa no mapeada: 'BF1758' (limpia: 'BF1758') en guía 377/0003113
  [WARN] Placa no mapeada: 'BF1758' (limpia: 'BF1758') en guía 377/0003132
  [WARN] Placa no mapeada: 'BF1758' (limpia: 'BF1758') en guía 377/0003134
  [WARN] Placa no mapeada: 'D1C790' (limpia: 'D1C790') en guía 001/0010500
  [WARN] Placa no mapeada: 'C0B760' (limpia: 'C0B760') en guía 001/0010677
  [WARN] Placa no mapeada: 'CAT702' (limpia: 'CAT702') en guía 001/0010421
  [WARN] Placa no mapeada: 'D1C790' (limpia: 'D1C790') en guía 001/0010447
  [WARN] Placa no mapeada: 'CAT726' (limpia: 'CAT726') en guía 001/0010448
  [WARN] Placa no mapeada: 'C0B760' (limpia: 'C0B760') en guía 001/0010449
  [WARN] Placa no mapeada: 'C0B760' (limpia: 'C0B760') en guía 001/0010493
  [WARN] Placa no mapeada: 'C0B760' (limpia: 'C0B760') en guía 001/0010543
  [WARN] Placa no mapeada: 'D1C790' (limpia: 'D1C790') en guía 001/0010551
  [WARN] Placa no mapeada: 'D1C790' (limpia: 'D1C790') en guía 001/0010580
  [WARN] Placa no mapeada: 'D1C790' (limpia: 'D1C790') en guía 001/0010635
  [WARN] Placa no mapeada: 'C0B760' (limpia: 'C0B760') en guía 001/0010685
  [WARN] Placa no mapeada: 'C0B760' (limpia: 'C0B760') en guía 001/0010587
  [WARN] Placa no mapeada: 'C0B760' (limpia: 'C0B760') en guía 001/0010429
  [WARN] Placa no mapeada: 'D1C790' (limpia: 'D1C790') en guía 001/0010469
  [WARN] Placa no mapeada: 'C0B760' (limpia: 'C0B760') en guía 001/0010532
  [WARN] Placa no mapeada: 'C0B760' (limpia: 'C0B760') en guía 001/0010629
  [WARN] Placa no mapeada: 'C0B760' (limpia: 'C0B760') en guía 001/0010404
  [WARN] Placa no mapeada: 'D1C790' (limpia: 'D1C790') en guía 001/0010430
  [WARN] Placa no mapeada: 'C0B760' (limpia: 'C0B760') en guía 001/0010459
  [WARN] Placa no mapeada: 'D1C790' (limpia: 'D1C790') en guía 001/0010509
  [WARN] Placa no mapeada: 'C0B760' (limpia: 'C0B760') en guía 001/0010513
  [WARN] Placa no mapeada: 'C0B760' (limpia: 'C0B760') en guía 001/0010562
  [WARN] Placa no mapeada: 'C0B760' (limpia: 'C0B760') en guía 001/0010606
  [WARN] Placa no mapeada: 'D1C790' (limpia: 'D1C790') en guía 001/0010419
  [WARN] Placa no mapeada: 'BF1758' (limpia: 'BF1758') en guía 001/0010521
  [WARN] Placa no mapeada: 'D1C790' (limpia: 'D1C790') en guía 001/0010571
  [WARN] Placa no mapeada: 'D1C790' (limpia: 'D1C790') en guía 001/0010615
  [WARN] Placa no mapeada: 'D1C790' (limpia: 'D1C790') en guía 001/0010621
  [WARN] Placa no mapeada: 'C0B760' (limpia: 'C0B760') en guía 001/0010440
  [WARN] Placa no mapeada: 'C0B760' (limpia: 'C0B760') en guía 001/0010481
  [WARN] Placa no mapeada: 'D1C790' (limpia: 'D1C790') en guía 001/0010541
  [WARN] Placa no mapeada: 'D1C790' (limpia: 'D1C790') en guía 001/0010601
  [WARN] Placa no mapeada: 'C0B760' (limpia: 'C0B760') en guía 001/0010647
Extraídas 455 guías de Virgen de Estrella 45883.pdf
  [OK] Completado y Guardado en Caché: Virgen de Estrella 45883.pdf (455 guías). Total acumulado: 20832 registros.
  Esperando 25 segundos para liberar cuota de tokens...

Procesando archivo: Virgen de Estrella 45912.pdf
  [WARN] Placa no mapeada: 'BF1758' (limpia: 'BF1758') en guía 377/0003165
  [WARN] Placa no mapeada: 'D1C790' (limpia: 'D1C790') en guía 377/0003177
  [WARN] Placa no mapeada: 'D1C790' (limpia: 'D1C790') en guía 377/0003190
  [WARN] Placa no mapeada: 'D1C790' (limpia: 'D1C790') en guía 377/0003200
  [WARN] Placa no mapeada: 'D1C790' (limpia: 'D1C790') en guía 377/0003208
  [WARN] Placa no mapeada: 'BF1758' (limpia: 'BF1758') en guía 195/0180804
  [WARN] Placa no mapeada: 'A1H-872' (limpia: 'A1H872') en guía 195/0180767
  [WARN] Placa no mapeada: 'C0B760' (limpia: 'C0B760') en guía 001 / 0010769
  [WARN] Placa no mapeada: 'C0B760' (limpia: 'C0B760') en guía 001 / 0010848
  [WARN] Placa no mapeada: 'C0B760' (limpia: 'C0B760') en guía 001 / 0010865
  [WARN] Placa no mapeada: 'C0B760' (limpia: 'C0B760') en guía 001 / 0010877
  [WARN] Placa no mapeada: 'C0B760' (limpia: 'C0B760') en guía 001 / 0010889
  [WARN] Placa no mapeada: 'D1C790' (limpia: 'D1C790') en guía 001 / 0010726
  [WARN] Placa no mapeada: 'D1C790' (limpia: 'D1C790') en guía 001 / 0010735
  [WARN] Placa no mapeada: 'D1C790' (limpia: 'D1C790') en guía 001 / 0010784
  [WARN] Placa no mapeada: 'C0B760' (limpia: 'C0B760') en guía 001 / 0010812
  [WARN] Placa no mapeada: 'D1C790' (limpia: 'D1C790') en guía 001 / 0010846
  [WARN] Placa no mapeada: 'D1C790' (limpia: 'D1C790') en guía 001/0010861
  [WARN] Placa no mapeada: 'D1C790' (limpia: 'D1C790') en guía 001/0010888
  [WARN] Placa no mapeada: 'D1C790' (limpia: 'D1C790') en guía 001/0010899
  [WARN] Placa no mapeada: 'C0B760' (limpia: 'C0B760') en guía 001/0010909
  [WARN] Placa no mapeada: 'D1C790' (limpia: 'D1C790') en guía 001/0010761
  [WARN] Placa no mapeada: 'C0B760' (limpia: 'C0B760') en guía 001/0010839
  [WARN] Placa no mapeada: 'C0B760' (limpia: 'C0B760') en guía 001/0010765
  [WARN] Placa no mapeada: 'C0B760' (limpia: 'C0B760') en guía 001/0010824
  [WARN] Placa no mapeada: 'D1C790' (limpia: 'D1C790') en guía 001/0010841
  [WARN] Placa no mapeada: 'D1C790' (limpia: 'D1C790') en guía 001 / 0010874
  [WARN] Placa no mapeada: 'C0B760' (limpia: 'C0B760') en guía 001 / 0010707
  [WARN] Placa no mapeada: 'C0B760' (limpia: 'C0B760') en guía 001 / 0010708
  [WARN] Placa no mapeada: 'D1C790' (limpia: 'D1C790') en guía 001 / 0010715
  [WARN] Placa no mapeada: 'C0B760' (limpia: 'C0B760') en guía 001 / 0010798
  [WARN] Placa no mapeada: 'C0B760' (limpia: 'C0B760') en guía 001 / 0010744
  [WARN] Placa no mapeada: 'C0B760' (limpia: 'C0B760') en guía 001 / 0010904
Extraídas 333 guías de Virgen de Estrella 45912.pdf
  [OK] Completado y Guardado en Caché: Virgen de Estrella 45912.pdf (333 guías). Total acumulado: 21165 registros.
  Esperando 25 segundos para liberar cuota de tokens...

Procesando archivo: Virgen de Estrella 45960.pdf
  [WARN] Placa no mapeada: 'D1C790' (limpia: 'D1C790') en guía 377/0003267
  [WARN] Placa no mapeada: 'D1C790' (limpia: 'D1C790') en guía 377/0003215
  [WARN] Placa no mapeada: 'D1C790' (limpia: 'D1C790') en guía 377/0003258
  [WARN] Placa no mapeada: 'D1C790' (limpia: 'D1C790') en guía 377/0003261
  [WARN] Placa no mapeada: 'D1C790' (limpia: 'D1C790') en guía 377/0003264
  [WARN] Placa no mapeada: 'C0B760' (limpia: 'C0B760') en guía 195/0180873
  [WARN] Placa no mapeada: 'D1C790' (limpia: 'D1C790') en guía 001/0010996
  [WARN] Placa no mapeada: 'D1C790' (limpia: 'D1C790') en guía 001/0011006
  [WARN] Placa no mapeada: 'C0B760' (limpia: 'C0B760') en guía 001/0011224
  [WARN] Placa no mapeada: 'C0B760' (limpia: 'C0B760') en guía 001/0010951
  [WARN] Placa no mapeada: 'C0B760' (limpia: 'C0B760') en guía 001/0010969
  [WARN] Placa no mapeada: 'C0B760' (limpia: 'C0B760') en guía 001/0011005
  [WARN] Placa no mapeada: 'C0B760' (limpia: 'C0B760') en guía 001/0011066
  [WARN] Placa no mapeada: 'D1C790' (limpia: 'D1C790') en guía 001/0011108
  [WARN] Placa no mapeada: 'C0B760' (limpia: 'C0B760') en guía 001/0011153
  [WARN] Placa no mapeada: 'C0B760' (limpia: 'C0B760') en guía 001/0011183
  [WARN] Placa no mapeada: 'C0B760' (limpia: 'C0B760') en guía 001/0011283
  [WARN] Placa no mapeada: 'D1C790' (limpia: 'D1C790') en guía 001/0011076
  [WARN] Placa no mapeada: 'C0B760' (limpia: 'C0B760') en guía 001/0011206
  [WARN] Placa no mapeada: 'C0B760' (limpia: 'C0B760') en guía 001/0011261
  [WARN] Placa no mapeada: 'C0B760' (limpia: 'C0B760') en guía 001/0011018
  [WARN] Placa no mapeada: 'D1C790' (limpia: 'D1C790') en guía 001/0011024
  [WARN] Placa no mapeada: 'D1C790' (limpia: 'D1C790') en guía 001/0011061
  [WARN] Placa no mapeada: 'C0B760' (limpia: 'C0B760') en guía 001/0011136
  [WARN] Placa no mapeada: 'C0B760' (limpia: 'C0B760') en guía 001/0011140
  [WARN] Placa no mapeada: 'D1C790' (limpia: 'D1C790') en guía 001/0010976
  [WARN] Placa no mapeada: 'C0B760' (limpia: 'C0B760') en guía 001/0010984
  [WARN] Placa no mapeada: 'D1C790' (limpia: 'D1C790') en guía 001/0010985
Extraídas 455 guías de Virgen de Estrella 45960.pdf
  [OK] Completado y Guardado en Caché: Virgen de Estrella 45960.pdf (455 guías). Total acumulado: 21620 registros.
  Esperando 25 segundos para liberar cuota de tokens...

Procesando archivo: Virgen de Estrella 46041.pdf
  [WARN] Placa no mapeada: 'A1U873' (limpia: 'A1U873') en guía 001/0011611
Extraídas 402 guías de Virgen de Estrella 46041.pdf
  [OK] Completado y Guardado en Caché: Virgen de Estrella 46041.pdf (402 guías). Total acumulado: 22022 registros.
  Esperando 25 segundos para liberar cuota de tokens...

Procesando archivo: Virgen de Estrella 46068.pdf
  [WARN] Placa no mapeada: 'D1C790' (limpia: 'D1C790') en guía 001/0012010
  [WARN] Placa no mapeada: 'D1C790' (limpia: 'D1C790') en guía 001/0012066
  [WARN] Placa no mapeada: 'D1C790' (limpia: 'D1C790') en guía 001/0012099
  [WARN] Placa no mapeada: 'D1C790' (limpia: 'D1C790') en guía 001/0012117
  [WARN] Placa no mapeada: 'D1C790' (limpia: 'D1C790') en guía 001/0012149
  [WARN] Placa no mapeada: 'D1C790' (limpia: 'D1C790') en guía 001/0011975
  [WARN] Placa no mapeada: 'D1C790' (limpia: 'D1C790') en guía 001/0012034
  [WARN] Placa no mapeada: 'D1C790' (limpia: 'D1C790') en guía 001/0012081
Extraídas 410 guías de Virgen de Estrella 46068.pdf
  [OK] Completado y Guardado en Caché: Virgen de Estrella 46068.pdf (410 guías). Total acumulado: 22432 registros.
  Esperando 25 segundos para liberar cuota de tokens...

Procesando archivo: Virgen de Estrella 46095.pdf
  [WARN] Placa no mapeada: 'A1H-872' (limpia: 'A1H872') en guía 195 / 0183196
  [WARN] Placa no mapeada: 'BF1758' (limpia: 'BF1758') en guía 195/0182881
  [WARN] Placa no mapeada: 'BF1758' (limpia: 'BF1758') en guía 195/0182801
  [WARN] Placa no mapeada: 'BF1758' (limpia: 'BF1758') en guía 195/0182924
  [WARN] Placa no mapeada: 'BF1758' (limpia: 'BF1758') en guía 195/0183253
  [WARN] Placa no mapeada: 'D1C790' (limpia: 'D1C790') en guía 001/0012340
  [WARN] Placa no mapeada: 'D1C790' (limpia: 'D1C790') en guía 001 / 0012252
  [WARN] Placa no mapeada: 'D1C790' (limpia: 'D1C790') en guía 001 / 0012265
  [WARN] Placa no mapeada: 'AFZ756' (limpia: 'AFZ756') en guía 001 / 0012271
  [WARN] Placa no mapeada: 'D1C790' (limpia: 'D1C790') en guía 001 / 0012282
  [WARN] Placa no mapeada: 'D1C790' (limpia: 'D1C790') en guía 001 / 0012322
  [WARN] Placa no mapeada: 'D1C790' (limpia: 'D1C790') en guía 001 / 0012377
  [WARN] Placa no mapeada: 'D1C790' (limpia: 'D1C790') en guía 001/0012432
  [WARN] Placa no mapeada: 'D1C790' (limpia: 'D1C790') en guía 001/0012451
  [WARN] Placa no mapeada: 'D1C790' (limpia: 'D1C790') en guía 001/0012477
  [WARN] Placa no mapeada: 'A1H-872' (limpia: 'A1H872') en guía 001/0012239
  [WARN] Placa no mapeada: 'D1C790' (limpia: 'D1C790') en guía 001/0012317
Extraídas 389 guías de Virgen de Estrella 46095.pdf
  [OK] Completado y Guardado en Caché: Virgen de Estrella 46095.pdf (389 guías). Total acumulado: 22821 registros.
  Esperando 25 segundos para liberar cuota de tokens...

Procesando archivo: Virgen de Estrella 46194.pdf
  [WARN] Placa no mapeada: 'BF1758' (limpia: 'BF1758') en guía 377/0003500
  [WARN] Placa no mapeada: 'BF1758' (limpia: 'BF1758') en guía 195/0183899
  [WARN] Placa no mapeada: 'BF1758' (limpia: 'BF1758') en guía 195/0183691
  [WARN] Placa no mapeada: 'BF1758' (limpia: 'BF1758') en guía 195/0183785
  [WARN] Placa no mapeada: 'BF1758' (limpia: 'BF1758') en guía 195/0184080
  [WARN] Placa no mapeada: 'D1C790' (limpia: 'D1C790') en guía 001/0012770
  [WARN] Placa no mapeada: 'BF1758' (limpia: 'BF1758') en guía 001/0012824
  [WARN] Placa no mapeada: 'D1C790' (limpia: 'D1C790') en guía 001/0012752
  [WARN] Placa no mapeada: 'D1C790' (limpia: 'D1C790') en guía 001/0012693
  [WARN] Placa no mapeada: 'D1C790' (limpia: 'D1C790') en guía 001/0012743
  [WARN] Placa no mapeada: 'BF1758' (limpia: 'BF1758') en guía 001/0012814
  [WARN] Placa no mapeada: 'BF1758' (limpia: 'BF1758') en guía 001/0012917
Extraídas 400 guías de Virgen de Estrella 46194.pdf
  [OK] Completado y Guardado en Caché: Virgen de Estrella 46194.pdf (400 guías). Total acumulado: 23221 registros.
  Esperando 25 segundos para liberar cuota de tokens...

Procesando archivo: Virgen de Estrella 46224.pdf
  [WARN] Placa no mapeada: 'A1H-872' (limpia: 'A1H872') en guía 001/0013048
  [WARN] Placa no mapeada: 'A1H-872' (limpia: 'A1H872') en guía 001/0013114
  [WARN] Placa no mapeada: 'A1H-872' (limpia: 'A1H872') en guía 001/0013115
  [WARN] Placa no mapeada: 'A1H-872' (limpia: 'A1H872') en guía 001/0013116
  [WARN] Placa no mapeada: 'A1H-872' (limpia: 'A1H872') en guía 001/0012980
  [WARN] Placa no mapeada: 'A1H-872' (limpia: 'A1H872') en guía 001/0013029
  [WARN] Placa no mapeada: 'A1H-872' (limpia: 'A1H872') en guía 001/0013072
  [WARN] Placa no mapeada: 'A1H-872' (limpia: 'A1H872') en guía 001/0012998
  [WARN] Placa no mapeada: 'A1H-872' (limpia: 'A1H872') en guía 001/0013014
  [WARN] Placa no mapeada: 'A1H-872' (limpia: 'A1H872') en guía 001/0013090
Extraídas 307 guías de Virgen de Estrella 46224.pdf
  [OK] Completado y Guardado en Caché: Virgen de Estrella 46224.pdf (307 guías). Total acumulado: 23528 registros.
  Esperando 25 segundos para liberar cuota de tokens...

Procesando archivo: Virgen de Estrella 46352.pdf
Extraídas 44 guías de Virgen de Estrella 46352.pdf
  [OK] Completado y Guardado en Caché: Virgen de Estrella 46352.pdf (44 guías). Total acumulado: 23572 registros.
  Esperando 25 segundos para liberar cuota de tokens...

Procesando archivo: Virgen de Estrella 46378.pdf
Extraídas 322 guías de Virgen de Estrella 46378.pdf
  [OK] Completado y Guardado en Caché: Virgen de Estrella 46378.pdf (322 guías). Total acumulado: 23894 registros.
  Esperando 25 segundos para liberar cuota de tokens...

Procesando archivo: Virgen de Estrella 46408.pdf
  [WARN] Placa no mapeada: 'A1H-872' (limpia: 'A1H872') en guía 195/0186046
  [WARN] Placa no mapeada: 'A1H-872' (limpia: 'A1H872') en guía 195/0185851
  [WARN] Placa no mapeada: 'A1H-872' (limpia: 'A1H872') en guía 195/0185936
  [WARN] Placa no mapeada: 'A1H-872' (limpia: 'A1H872') en guía 195/0185965
Extraídas 330 guías de Virgen de Estrella 46408.pdf
  [OK] Completado y Guardado en Caché: Virgen de Estrella 46408.pdf (330 guías). Total acumulado: 24224 registros.
  Esperando 25 segundos para liberar cuota de tokens...

Procesando archivo: Virgen de Estrella 46492.pdf
Extraídas 233 guías de Virgen de Estrella 46492.pdf
  [OK] Completado y Guardado en Caché: Virgen de Estrella 46492.pdf (233 guías). Total acumulado: 24457 registros.
  Esperando 25 segundos para liberar cuota de tokens...

Procesando archivo: Virgen de Estrella 46687.pdf
  [WARN] Placa no mapeada: 'BF1758' (limpia: 'BF1758') en guía 195/0189340
  [WARN] Placa no mapeada: 'BF1758' (limpia: 'BF1758') en guía 195/0189311
  [WARN] Placa no mapeada: 'BF1758' (limpia: 'BF1758') en guía 195/0189760
  [WARN] Placa no mapeada: 'BF1758' (limpia: 'BF1758') en guía 001/0015499
  [WARN] Placa no mapeada: 'BF1758' (limpia: 'BF1758') en guía 001/0015590
  [WARN] Placa no mapeada: 'BF1758' (limpia: 'BF1758') en guía 001/0015438
  [WARN] Placa no mapeada: 'BF1758' (limpia: 'BF1758') en guía 001/0015482
  [WARN] Placa no mapeada: 'BF1758' (limpia: 'BF1758') en guía 001/0015472
Extraídas 306 guías de Virgen de Estrella 46687.pdf
  [OK] Completado y Guardado en Caché: Virgen de Estrella 46687.pdf (306 guías). Total acumulado: 24763 registros.
  Esperando 25 segundos para liberar cuota de tokens...

Procesando archivo: Virgen de Estrella 46713.pdf
  [WARN] Placa no mapeada: 'A1H-872' (limpia: 'A1H872') en guía 195/0190133
  [WARN] Placa no mapeada: 'A1H-872' (limpia: 'A1H872') en guía 195/0190194
  [WARN] Placa no mapeada: 'BF1758' (limpia: 'BF1758') en guía 195/0189987
  [WARN] Placa no mapeada: 'BF1758' (limpia: 'BF1758') en guía 195/0190045
  [WARN] Placa no mapeada: 'BF1758' (limpia: 'BF1758') en guía 195/0190115
  [WARN] Placa no mapeada: 'BF1758' (limpia: 'BF1758') en guía 001/0015744
  [WARN] Placa no mapeada: 'BF1758' (limpia: 'BF1758') en guía 001/0015763
  [WARN] Placa no mapeada: 'BF1758' (limpia: 'BF1758') en guía 001/0015732
  [WARN] Placa no mapeada: 'BF1758' (limpia: 'BF1758') en guía 001/0015758
Extraídas 285 guías de Virgen de Estrella 46713.pdf
  [OK] Completado y Guardado en Caché: Virgen de Estrella 46713.pdf (285 guías). Total acumulado: 25048 registros.
  Esperando 25 segundos para liberar cuota de tokens...

Procesando archivo: Virgen de Estrella 46783.pdf
  [WARN] Placa no mapeada: 'D8D945' (limpia: 'D8D945') en guía 001 / 0016161
Extraídas 264 guías de Virgen de Estrella 46783.pdf
  [OK] Completado y Guardado en Caché: Virgen de Estrella 46783.pdf (264 guías). Total acumulado: 25312 registros.
  Esperando 25 segundos para liberar cuota de tokens...

Procesando archivo: Virgen de Estrella 46856.pdf
Extraídas 353 guías de Virgen de Estrella 46856.pdf
  [OK] Completado y Guardado en Caché: Virgen de Estrella 46856.pdf (353 guías). Total acumulado: 25665 registros.
  Esperando 25 segundos para liberar cuota de tokens...

Procesando archivo: Virgen de Estrella 46966.pdf
  [WARN] Placa no mapeada: 'C3X-765' (limpia: 'C3X765') en guía 195/0192925
  [WARN] Placa no mapeada: 'A1H-872' (limpia: 'A1H872') en guía 195/0192665
Extraídas 313 guías de Virgen de Estrella 46966.pdf
  [OK] Completado y Guardado en Caché: Virgen de Estrella 46966.pdf (313 guías). Total acumulado: 25978 registros.
  Esperando 25 segundos para liberar cuota de tokens...

Procesando archivo: Virgen de Estrella 46988.pdf
  [WARN] Placa no mapeada: 'BF1758' (limpia: 'BF1758') en guía 195/0193126
  [WARN] Placa no mapeada: 'D8D945' (limpia: 'D8D945') en guía 001/0017801
Extraídas 314 guías de Virgen de Estrella 46988.pdf
  [OK] Completado y Guardado en Caché: Virgen de Estrella 46988.pdf (314 guías). Total acumulado: 26292 registros.
  Esperando 25 segundos para liberar cuota de tokens...

Procesando archivo: Virgen de Estrella 47017.pdf
Extraídas 354 guías de Virgen de Estrella 47017.pdf
  [OK] Completado y Guardado en Caché: Virgen de Estrella 47017.pdf (354 guías). Total acumulado: 26646 registros.
  Esperando 25 segundos para liberar cuota de tokens...

Procesando archivo: Virgen de Estrella 47026.pdf
Extraídas 453 guías de Virgen de Estrella 47026.pdf
  [OK] Completado y Guardado en Caché: Virgen de Estrella 47026.pdf (453 guías). Total acumulado: 27099 registros.

Ordenando 27099 registros por fecha de forma ascendente...
Fecha más antigua: 2024-10-07 (186/9126951)
Fecha más reciente: 2026-06-06 (001/0018346)
Limpiando la tabla LIQUIDACIONES en BigQuery antes de la carga...

Subiendo 27099 registros ordenados a BigQuery...
Traceback (most recent call last):
  File "/home/josue/Documents/SILVIA/project/process_historical_liquidaciones.py", line 320, in <module>
    main(dry_run=dry_run, limit_files=limit)
    ~~~~^^^^^^^^^^^^^^^^^^^^^^^^^^^^^^^^^^^^
  File "/home/josue/Documents/SILVIA/project/process_historical_liquidaciones.py", line 304, in main
    errors = client_bq.insert_rows_json(table_ref, all_records)
  File "/home/josue/.conda/envs/silvia/lib/python3.14/site-packages/google/cloud/bigquery/client.py", line 4015, in insert_rows_json
    response = self._call_api(
        retry,
    ...<5 lines>...
        timeout=timeout,
    )
  File "/home/josue/.conda/envs/silvia/lib/python3.14/site-packages/google/cloud/bigquery/client.py", line 861, in _call_api
    return call()
  File "/home/josue/.conda/envs/silvia/lib/python3.14/site-packages/google/api_core/retry/retry_unary.py", line 294, in retry_wrapped_func
    return retry_target(
        target,
    ...<3 lines>...
        on_error=on_error,
    )
  File "/home/josue/.conda/envs/silvia/lib/python3.14/site-packages/google/api_core/retry/retry_unary.py", line 156, in retry_target
    next_sleep = _retry_error_helper(
        exc,
    ...<6 lines>...
        timeout,
    )
  File "/home/josue/.conda/envs/silvia/lib/python3.14/site-packages/google/api_core/retry/retry_base.py", line 216, in _retry_error_helper
    raise final_exc from source_exc
  File "/home/josue/.conda/envs/silvia/lib/python3.14/site-packages/google/api_core/retry/retry_unary.py", line 147, in retry_target
    result = target()
  File "/home/josue/.conda/envs/silvia/lib/python3.14/site-packages/google/cloud/_http/__init__.py", line 494, in api_request
    raise exceptions.from_http_response(response)
google.api_core.exceptions.GoogleAPICallError: 413 POST https://bigquery.googleapis.com/bigquery/v2/projects/project-silvia-500416/datasets/silvia_dataset/tables/LIQUIDACIONES/insertAll?prettyPrint=false: <!DOCTYPE html>
<html lang=en>
  <meta charset=utf-8>
  <meta name=viewport content="initial-scale=1, minimum-scale=1, width=device-width">
  <title>Error 413 (Request Entity Too Large)!!1</title>
  <style>
    *{margin:0;padding:0}html,code{font:15px/22px arial,sans-serif}html{background:#fff;color:#222;padding:15px}body{margin:7% auto 0;max-width:390px;min-height:180px;padding:30px 0 15px}* > body{background:url(//www.google.com/images/errors/robot.png) 100% 5px no-repeat;padding-right:205px}p{margin:11px 0 22px;overflow:hidden}ins{color:#777;text-decoration:none}a img{border:0}@media screen and (max-width:772px){body{background:none;margin-top:0;max-width:none;padding-right:0}}#logo{background:url(//www.google.com/images/branding/googlelogo/1x/googlelogo_color_150x54dp.png) no-repeat;margin-left:-5px}@media only screen and (min-resolution:192dpi){#logo{background:url(//www.google.com/images/branding/googlelogo/2x/googlelogo_color_150x54dp.png) no-repeat 0% 0%/100% 100%;-moz-border-image:url(//www.google.com/images/branding/googlelogo/2x/googlelogo_color_150x54dp.png) 0}}@media only screen and (-webkit-min-device-pixel-ratio:2){#logo{background:url(//www.google.com/images/branding/googlelogo/2x/googlelogo_color_150x54dp.png) no-repeat;-webkit-background-size:100% 100%}}#logo{display:inline-block;height:54px;width:150px}
  </style>
  <a href=//www.google.com/><span id=logo aria-label=Google></span></a>
  <p><b>413.</b> <ins>That’s an error.</ins>
  <p>Your client issued a request that was too large.
 <script>
  (function() { var c=function(a,d,b){a=a+"=deleted; path="+d;b!=null&&(a+="; domain="+b);document.cookie=a+"; expires=Thu, 01 Jan 1970 00:00:00 GMT"};var g=function(a){var d=e,b=location.hostname;c(d,a,null);c(d,a,b);for(var f=0;;){f=b.indexOf(".",f+1);if(f<0)break;c(d,a,b.substring(f+1))}};var h;if(unescape(encodeURI(document.cookie)).length>4E3){for(var k=document.cookie.split(";"),l=[],m=0;m<k.length;m++){var n=k[m].match(/^\s*([^=]+)/);n&&l.push(n[1])}for(var p=0;p<l.length;p++){var e=l[p];g("/");for(var q=location.pathname,r=0;;){r=q.indexOf("/",r+1);if(r<0)break;var t=q.substring(0,r);g(t);g(t+"/")}q.charAt(q.length-1)!="/"&&(g(q),g(q+"/"))}h=!0}else h=!1;
h&&setTimeout(function(){if(history.replaceState){var a=location.href;history.replaceState(null,"","/");location.replace(a)}},1E3); })();

</script>
 <ins>That’s all we know.</ins>

